<testsuites name="results">
  <testsuite name="all" package="all">
    <property name="random_seed" value="1745850820" />
    <testcase name="test_sha2_top_basic" classname="sha256cocotb" file="/home/hwani/Desktop/sha256/sha256cocotb.py" lineno="6" time="0.0010802745819091797" sim_time_ns="10.001" ratio_time="9257.831450893842" />
    <testcase name="test_sha2_top_multiple_inputs" classname="sha256cocotb" file="/home/hwani/Desktop/sha256/sha256cocotb.py" lineno="21" time="0.0007462501525878906" sim_time_ns="40.001000000000005" ratio_time="53602.66910670927" />
    <testcase name="test_sha2_top_edge_cases" classname="sha256cocotb" file="/home/hwani/Desktop/sha256/sha256cocotb.py" lineno="42" time="0.0009455680847167969" sim_time_ns="60.001" ratio_time="63454.97587090267" />
    <testcase name="test_sha2_top_random_inputs" classname="sha256cocotb" file="/home/hwani/Desktop/sha256/sha256cocotb.py" lineno="67" time="0.001519918441772461" sim_time_ns="100.00099999999999" ratio_time="65793.66185160783" />
  </testsuite>
</testsuites>
